------------------------------------------------------------
TimeQuest Timing Analyzer Summary
------------------------------------------------------------

Type  : Slow 1200mV 85C Model Setup 'clock_gen:clock_10ms|clk_ms'
Slack : -6.105
TNS   : -173.382

Type  : Slow 1200mV 85C Model Setup 'inverter:inverter0|temp'
Slack : -5.564
TNS   : -353.859

Type  : Slow 1200mV 85C Model Setup 'xd:xd_save|y'
Slack : -4.235
TNS   : -134.333

Type  : Slow 1200mV 85C Model Setup 'clock_gen:clock_10ms|clk_10ms'
Slack : -3.844
TNS   : -127.056

Type  : Slow 1200mV 85C Model Setup 'cnt:cnt1|temp[0]'
Slack : -1.782
TNS   : -4.831

Type  : Slow 1200mV 85C Model Setup 'clk_in'
Slack : -1.753
TNS   : -13.180

Type  : Slow 1200mV 85C Model Setup 'clock_gen:clock_10ms|sig_us'
Slack : -1.723
TNS   : -18.553

Type  : Slow 1200mV 85C Model Setup 'cnt:cnt0|temp[0]'
Slack : -1.580
TNS   : -3.510

Type  : Slow 1200mV 85C Model Setup 'xd:xd_state|y'
Slack : -0.913
TNS   : -0.913

Type  : Slow 1200mV 85C Model Setup 'clock_gen:clock_10ms|sig_ms'
Slack : -0.397
TNS   : -1.871

Type  : Slow 1200mV 85C Model Setup 'cnt:cnt2|temp[0]'
Slack : -0.393
TNS   : -1.106

Type  : Slow 1200mV 85C Model Hold 'inverter:inverter0|temp'
Slack : -0.264
TNS   : -1.204

Type  : Slow 1200mV 85C Model Hold 'cnt:cnt0|temp[0]'
Slack : 0.054
TNS   : 0.000

Type  : Slow 1200mV 85C Model Hold 'xd:xd_save|y'
Slack : 0.356
TNS   : 0.000

Type  : Slow 1200mV 85C Model Hold 'clock_gen:clock_10ms|clk_ms'
Slack : 0.453
TNS   : 0.000

Type  : Slow 1200mV 85C Model Hold 'clock_gen:clock_10ms|sig_ms'
Slack : 0.453
TNS   : 0.000

Type  : Slow 1200mV 85C Model Hold 'cnt:cnt2|temp[0]'
Slack : 0.453
TNS   : 0.000

Type  : Slow 1200mV 85C Model Hold 'clock_gen:clock_10ms|clk_10ms'
Slack : 0.465
TNS   : 0.000

Type  : Slow 1200mV 85C Model Hold 'cnt:cnt1|temp[0]'
Slack : 0.485
TNS   : 0.000

Type  : Slow 1200mV 85C Model Hold 'clk_in'
Slack : 0.491
TNS   : 0.000

Type  : Slow 1200mV 85C Model Hold 'clock_gen:clock_10ms|sig_us'
Slack : 0.743
TNS   : 0.000

Type  : Slow 1200mV 85C Model Hold 'xd:xd_state|y'
Slack : 1.106
TNS   : 0.000

Type  : Slow 1200mV 85C Model Recovery 'clock_gen:clock_10ms|clk_ms'
Slack : -7.522
TNS   : -247.798

Type  : Slow 1200mV 85C Model Recovery 'clock_gen:clock_10ms|clk_10ms'
Slack : -3.207
TNS   : -12.828

Type  : Slow 1200mV 85C Model Recovery 'cnt:cnt0|temp[0]'
Slack : -3.026
TNS   : -12.104

Type  : Slow 1200mV 85C Model Recovery 'cnt:cnt2|temp[0]'
Slack : -2.659
TNS   : -7.977

Type  : Slow 1200mV 85C Model Recovery 'cnt:cnt1|temp[0]'
Slack : -2.624
TNS   : -10.496

Type  : Slow 1200mV 85C Model Recovery 'xd:xd_save|y'
Slack : -2.612
TNS   : -10.523

Type  : Slow 1200mV 85C Model Recovery 'inverter:inverter0|temp'
Slack : -2.590
TNS   : -10.360

Type  : Slow 1200mV 85C Model Removal 'xd:xd_save|y'
Slack : -0.030
TNS   : -1.413

Type  : Slow 1200mV 85C Model Removal 'inverter:inverter0|temp'
Slack : 0.592
TNS   : 0.000

Type  : Slow 1200mV 85C Model Removal 'cnt:cnt2|temp[0]'
Slack : 0.604
TNS   : 0.000

Type  : Slow 1200mV 85C Model Removal 'cnt:cnt1|temp[0]'
Slack : 0.716
TNS   : 0.000

Type  : Slow 1200mV 85C Model Removal 'cnt:cnt0|temp[0]'
Slack : 1.107
TNS   : 0.000

Type  : Slow 1200mV 85C Model Removal 'clock_gen:clock_10ms|clk_ms'
Slack : 1.175
TNS   : 0.000

Type  : Slow 1200mV 85C Model Removal 'clock_gen:clock_10ms|clk_10ms'
Slack : 1.216
TNS   : 0.000

Type  : Slow 1200mV 85C Model Minimum Pulse Width 'clk_in'
Slack : -3.000
TNS   : -16.383

Type  : Slow 1200mV 85C Model Minimum Pulse Width 'clock_gen:clock_10ms|clk_ms'
Slack : -1.487
TNS   : -101.116

Type  : Slow 1200mV 85C Model Minimum Pulse Width 'xd:xd_save|y'
Slack : -1.487
TNS   : -77.324

Type  : Slow 1200mV 85C Model Minimum Pulse Width 'clock_gen:clock_10ms|clk_10ms'
Slack : -1.487
TNS   : -53.532

Type  : Slow 1200mV 85C Model Minimum Pulse Width 'clock_gen:clock_10ms|sig_us'
Slack : -1.487
TNS   : -16.357

Type  : Slow 1200mV 85C Model Minimum Pulse Width 'clock_gen:clock_10ms|sig_ms'
Slack : -1.487
TNS   : -7.435

Type  : Slow 1200mV 85C Model Minimum Pulse Width 'cnt:cnt0|temp[0]'
Slack : -1.487
TNS   : -5.948

Type  : Slow 1200mV 85C Model Minimum Pulse Width 'cnt:cnt1|temp[0]'
Slack : -1.487
TNS   : -5.948

Type  : Slow 1200mV 85C Model Minimum Pulse Width 'inverter:inverter0|temp'
Slack : -1.487
TNS   : -5.948

Type  : Slow 1200mV 85C Model Minimum Pulse Width 'cnt:cnt2|temp[0]'
Slack : -1.487
TNS   : -4.461

Type  : Slow 1200mV 85C Model Minimum Pulse Width 'xd:xd_state|y'
Slack : -1.487
TNS   : -1.487

Type  : Slow 1200mV 0C Model Setup 'clock_gen:clock_10ms|clk_ms'
Slack : -5.731
TNS   : -151.715

Type  : Slow 1200mV 0C Model Setup 'inverter:inverter0|temp'
Slack : -5.446
TNS   : -335.301

Type  : Slow 1200mV 0C Model Setup 'xd:xd_save|y'
Slack : -4.174
TNS   : -131.645

Type  : Slow 1200mV 0C Model Setup 'clock_gen:clock_10ms|clk_10ms'
Slack : -3.567
TNS   : -117.426

Type  : Slow 1200mV 0C Model Setup 'clk_in'
Slack : -1.575
TNS   : -11.642

Type  : Slow 1200mV 0C Model Setup 'cnt:cnt1|temp[0]'
Slack : -1.575
TNS   : -4.517

Type  : Slow 1200mV 0C Model Setup 'clock_gen:clock_10ms|sig_us'
Slack : -1.511
TNS   : -16.245

Type  : Slow 1200mV 0C Model Setup 'cnt:cnt0|temp[0]'
Slack : -1.392
TNS   : -2.912

Type  : Slow 1200mV 0C Model Setup 'xd:xd_state|y'
Slack : -0.851
TNS   : -0.851

Type  : Slow 1200mV 0C Model Setup 'clock_gen:clock_10ms|sig_ms'
Slack : -0.260
TNS   : -1.196

Type  : Slow 1200mV 0C Model Setup 'cnt:cnt2|temp[0]'
Slack : -0.254
TNS   : -0.694

Type  : Slow 1200mV 0C Model Hold 'inverter:inverter0|temp'
Slack : -0.313
TNS   : -1.984

Type  : Slow 1200mV 0C Model Hold 'cnt:cnt0|temp[0]'
Slack : -0.010
TNS   : -0.019

Type  : Slow 1200mV 0C Model Hold 'xd:xd_save|y'
Slack : 0.309
TNS   : 0.000

Type  : Slow 1200mV 0C Model Hold 'cnt:cnt2|temp[0]'
Slack : 0.402
TNS   : 0.000

Type  : Slow 1200mV 0C Model Hold 'clock_gen:clock_10ms|clk_ms'
Slack : 0.403
TNS   : 0.000

Type  : Slow 1200mV 0C Model Hold 'clock_gen:clock_10ms|sig_ms'
Slack : 0.403
TNS   : 0.000

Type  : Slow 1200mV 0C Model Hold 'clock_gen:clock_10ms|clk_10ms'
Slack : 0.417
TNS   : 0.000

Type  : Slow 1200mV 0C Model Hold 'cnt:cnt1|temp[0]'
Slack : 0.430
TNS   : 0.000

Type  : Slow 1200mV 0C Model Hold 'clk_in'
Slack : 0.455
TNS   : 0.000

Type  : Slow 1200mV 0C Model Hold 'clock_gen:clock_10ms|sig_us'
Slack : 0.691
TNS   : 0.000

Type  : Slow 1200mV 0C Model Hold 'xd:xd_state|y'
Slack : 1.082
TNS   : 0.000

Type  : Slow 1200mV 0C Model Recovery 'clock_gen:clock_10ms|clk_ms'
Slack : -7.074
TNS   : -233.086

Type  : Slow 1200mV 0C Model Recovery 'clock_gen:clock_10ms|clk_10ms'
Slack : -2.958
TNS   : -11.832

Type  : Slow 1200mV 0C Model Recovery 'cnt:cnt0|temp[0]'
Slack : -2.845
TNS   : -11.380

Type  : Slow 1200mV 0C Model Recovery 'cnt:cnt2|temp[0]'
Slack : -2.567
TNS   : -7.701

Type  : Slow 1200mV 0C Model Recovery 'xd:xd_save|y'
Slack : -2.480
TNS   : -9.920

Type  : Slow 1200mV 0C Model Recovery 'cnt:cnt1|temp[0]'
Slack : -2.452
TNS   : -9.808

Type  : Slow 1200mV 0C Model Recovery 'inverter:inverter0|temp'
Slack : -2.404
TNS   : -9.616

Type  : Slow 1200mV 0C Model Removal 'xd:xd_save|y'
Slack : -0.038
TNS   : -1.767

Type  : Slow 1200mV 0C Model Removal 'inverter:inverter0|temp'
Slack : 0.512
TNS   : 0.000

Type  : Slow 1200mV 0C Model Removal 'cnt:cnt2|temp[0]'
Slack : 0.625
TNS   : 0.000

Type  : Slow 1200mV 0C Model Removal 'cnt:cnt1|temp[0]'
Slack : 0.646
TNS   : 0.000

Type  : Slow 1200mV 0C Model Removal 'cnt:cnt0|temp[0]'
Slack : 1.028
TNS   : 0.000

Type  : Slow 1200mV 0C Model Removal 'clock_gen:clock_10ms|clk_ms'
Slack : 1.054
TNS   : 0.000

Type  : Slow 1200mV 0C Model Removal 'clock_gen:clock_10ms|clk_10ms'
Slack : 1.069
TNS   : 0.000

Type  : Slow 1200mV 0C Model Minimum Pulse Width 'clk_in'
Slack : -3.000
TNS   : -16.383

Type  : Slow 1200mV 0C Model Minimum Pulse Width 'clock_gen:clock_10ms|clk_ms'
Slack : -1.487
TNS   : -101.116

Type  : Slow 1200mV 0C Model Minimum Pulse Width 'xd:xd_save|y'
Slack : -1.487
TNS   : -77.324

Type  : Slow 1200mV 0C Model Minimum Pulse Width 'clock_gen:clock_10ms|clk_10ms'
Slack : -1.487
TNS   : -53.832

Type  : Slow 1200mV 0C Model Minimum Pulse Width 'clock_gen:clock_10ms|sig_us'
Slack : -1.487
TNS   : -16.357

Type  : Slow 1200mV 0C Model Minimum Pulse Width 'clock_gen:clock_10ms|sig_ms'
Slack : -1.487
TNS   : -7.435

Type  : Slow 1200mV 0C Model Minimum Pulse Width 'cnt:cnt0|temp[0]'
Slack : -1.487
TNS   : -5.948

Type  : Slow 1200mV 0C Model Minimum Pulse Width 'cnt:cnt1|temp[0]'
Slack : -1.487
TNS   : -5.948

Type  : Slow 1200mV 0C Model Minimum Pulse Width 'inverter:inverter0|temp'
Slack : -1.487
TNS   : -5.948

Type  : Slow 1200mV 0C Model Minimum Pulse Width 'cnt:cnt2|temp[0]'
Slack : -1.487
TNS   : -4.461

Type  : Slow 1200mV 0C Model Minimum Pulse Width 'xd:xd_state|y'
Slack : -1.487
TNS   : -1.487

Type  : Fast 1200mV 0C Model Setup 'clock_gen:clock_10ms|clk_ms'
Slack : -2.441
TNS   : -43.752

Type  : Fast 1200mV 0C Model Setup 'inverter:inverter0|temp'
Slack : -2.119
TNS   : -126.557

Type  : Fast 1200mV 0C Model Setup 'xd:xd_save|y'
Slack : -1.472
TNS   : -38.306

Type  : Fast 1200mV 0C Model Setup 'clock_gen:clock_10ms|clk_10ms'
Slack : -1.056
TNS   : -33.419

Type  : Fast 1200mV 0C Model Setup 'clk_in'
Slack : -0.211
TNS   : -1.064

Type  : Fast 1200mV 0C Model Setup 'cnt:cnt1|temp[0]'
Slack : -0.138
TNS   : -0.267

Type  : Fast 1200mV 0C Model Setup 'clock_gen:clock_10ms|sig_us'
Slack : -0.136
TNS   : -1.365

Type  : Fast 1200mV 0C Model Setup 'cnt:cnt0|temp[0]'
Slack : -0.040
TNS   : -0.040

Type  : Fast 1200mV 0C Model Setup 'xd:xd_state|y'
Slack : -0.019
TNS   : -0.019

Type  : Fast 1200mV 0C Model Setup 'cnt:cnt2|temp[0]'
Slack : 0.384
TNS   : 0.000

Type  : Fast 1200mV 0C Model Setup 'clock_gen:clock_10ms|sig_ms'
Slack : 0.385
TNS   : 0.000

Type  : Fast 1200mV 0C Model Hold 'inverter:inverter0|temp'
Slack : -0.170
TNS   : -0.600

Type  : Fast 1200mV 0C Model Hold 'cnt:cnt0|temp[0]'
Slack : 0.106
TNS   : 0.000

Type  : Fast 1200mV 0C Model Hold 'xd:xd_save|y'
Slack : 0.182
TNS   : 0.000

Type  : Fast 1200mV 0C Model Hold 'clock_gen:clock_10ms|clk_ms'
Slack : 0.187
TNS   : 0.000

Type  : Fast 1200mV 0C Model Hold 'clock_gen:clock_10ms|sig_ms'
Slack : 0.187
TNS   : 0.000

Type  : Fast 1200mV 0C Model Hold 'cnt:cnt2|temp[0]'
Slack : 0.187
TNS   : 0.000

Type  : Fast 1200mV 0C Model Hold 'clock_gen:clock_10ms|clk_10ms'
Slack : 0.194
TNS   : 0.000

Type  : Fast 1200mV 0C Model Hold 'clk_in'
Slack : 0.197
TNS   : 0.000

Type  : Fast 1200mV 0C Model Hold 'cnt:cnt1|temp[0]'
Slack : 0.201
TNS   : 0.000

Type  : Fast 1200mV 0C Model Hold 'clock_gen:clock_10ms|sig_us'
Slack : 0.296
TNS   : 0.000

Type  : Fast 1200mV 0C Model Hold 'xd:xd_state|y'
Slack : 0.365
TNS   : 0.000

Type  : Fast 1200mV 0C Model Recovery 'clock_gen:clock_10ms|clk_ms'
Slack : -3.125
TNS   : -102.837

Type  : Fast 1200mV 0C Model Recovery 'clock_gen:clock_10ms|clk_10ms'
Slack : -1.177
TNS   : -4.708

Type  : Fast 1200mV 0C Model Recovery 'cnt:cnt0|temp[0]'
Slack : -1.017
TNS   : -4.068

Type  : Fast 1200mV 0C Model Recovery 'cnt:cnt2|temp[0]'
Slack : -0.900
TNS   : -2.700

Type  : Fast 1200mV 0C Model Recovery 'inverter:inverter0|temp'
Slack : -0.873
TNS   : -3.492

Type  : Fast 1200mV 0C Model Recovery 'cnt:cnt1|temp[0]'
Slack : -0.843
TNS   : -3.372

Type  : Fast 1200mV 0C Model Recovery 'xd:xd_save|y'
Slack : -0.741
TNS   : -2.964

Type  : Fast 1200mV 0C Model Removal 'xd:xd_save|y'
Slack : -0.010
TNS   : -0.453

Type  : Fast 1200mV 0C Model Removal 'cnt:cnt2|temp[0]'
Slack : 0.235
TNS   : 0.000

Type  : Fast 1200mV 0C Model Removal 'inverter:inverter0|temp'
Slack : 0.280
TNS   : 0.000

Type  : Fast 1200mV 0C Model Removal 'cnt:cnt1|temp[0]'
Slack : 0.346
TNS   : 0.000

Type  : Fast 1200mV 0C Model Removal 'clock_gen:clock_10ms|clk_ms'
Slack : 0.365
TNS   : 0.000

Type  : Fast 1200mV 0C Model Removal 'cnt:cnt0|temp[0]'
Slack : 0.501
TNS   : 0.000

Type  : Fast 1200mV 0C Model Removal 'clock_gen:clock_10ms|clk_10ms'
Slack : 0.576
TNS   : 0.000

Type  : Fast 1200mV 0C Model Minimum Pulse Width 'clk_in'
Slack : -3.000
TNS   : -12.578

Type  : Fast 1200mV 0C Model Minimum Pulse Width 'clock_gen:clock_10ms|clk_ms'
Slack : -1.000
TNS   : -68.000

Type  : Fast 1200mV 0C Model Minimum Pulse Width 'xd:xd_save|y'
Slack : -1.000
TNS   : -52.000

Type  : Fast 1200mV 0C Model Minimum Pulse Width 'clock_gen:clock_10ms|clk_10ms'
Slack : -1.000
TNS   : -36.000

Type  : Fast 1200mV 0C Model Minimum Pulse Width 'clock_gen:clock_10ms|sig_us'
Slack : -1.000
TNS   : -11.000

Type  : Fast 1200mV 0C Model Minimum Pulse Width 'clock_gen:clock_10ms|sig_ms'
Slack : -1.000
TNS   : -5.000

Type  : Fast 1200mV 0C Model Minimum Pulse Width 'cnt:cnt0|temp[0]'
Slack : -1.000
TNS   : -4.000

Type  : Fast 1200mV 0C Model Minimum Pulse Width 'cnt:cnt1|temp[0]'
Slack : -1.000
TNS   : -4.000

Type  : Fast 1200mV 0C Model Minimum Pulse Width 'inverter:inverter0|temp'
Slack : -1.000
TNS   : -4.000

Type  : Fast 1200mV 0C Model Minimum Pulse Width 'cnt:cnt2|temp[0]'
Slack : -1.000
TNS   : -3.000

Type  : Fast 1200mV 0C Model Minimum Pulse Width 'xd:xd_state|y'
Slack : -1.000
TNS   : -1.000

------------------------------------------------------------
